contig	category	circular	prophage_start	prophage_end
seq1	high_confidence	False
seq2	high_confidence	False
seq4	high_confidence	False
seq3	high_confidence	False
seq5	high_confidence	False
seq7	high_confidence	True
seq6	high_confidence	False
seq8	high_confidence	False
seq9	high_confidence	False
seq10	low_confidence	False
seq1||partial	prophage	False	1	23146
