contig	category	circular	prophage_start	prophage_end
seq6	high_confidence	False
seq7	high_confidence	False
seq8	high_confidence	False
seq9	high_confidence	False
seq2	high_confidence	False
seq3	high_confidence	False
seq1	prophage	False	21696	135184
